// Jest Snapshot v1, https://goo.gl/fbAQLP

exports[`ColumnSelectDragDrop component should render 1`] = `
<DocumentFragment>
  <div
    class="column-select-drag-drop__list"
    data-rbd-droppable-context-id="0"
    data-rbd-droppable-id="droppable"
  >
    <div
      aria-describedby="rbd-hidden-text-0-hidden-text-0"
      class="button column-select-drag-drop__list__item"
      data-rbd-drag-handle-context-id="0"
      data-rbd-drag-handle-draggable-id="id"
      data-rbd-draggable-context-id="0"
      data-rbd-draggable-id="id"
      draggable="false"
      role="button"
      tabindex="0"
    >
      Entry Name
      <button
        class="column-select-drag-drop__list__item__button"
        data-testid="column-select-dnd-remove-button"
        type="button"
      >
        <svg
          class="column-select-drag-drop__list__item__button__icon"
          viewBox="0 0 352 512"
        >
          <path
            d="M242.72 256l100.07-100.07c12.28-12.28 12.28-32.19 0-44.48l-22.24-22.24c-12.28-12.28-32.19-12.28-44.48 0L176 189.28 75.93 89.21c-12.28-12.28-32.19-12.28-44.48 0L9.21 111.45c-12.28 12.28-12.28 32.19 0 44.48L109.28 256 9.21 356.07c-12.28 12.28-12.28 32.19 0 44.48l22.24 22.24c12.28 12.28 32.2 12.28 44.48 0L176 322.72l100.07 100.07c12.28 12.28 32.2 12.28 44.48 0l22.24-22.24c12.28-12.28 12.28-32.19 0-44.48L242.72 256z"
          />
        </svg>
      </button>
    </div>
    <div
      aria-describedby="rbd-hidden-text-0-hidden-text-0"
      class="button column-select-drag-drop__list__item"
      data-rbd-drag-handle-context-id="0"
      data-rbd-drag-handle-draggable-id="protein_name"
      data-rbd-draggable-context-id="0"
      data-rbd-draggable-id="protein_name"
      draggable="false"
      role="button"
      tabindex="0"
    >
      Protein names
      <button
        class="column-select-drag-drop__list__item__button"
        data-testid="column-select-dnd-remove-button"
        type="button"
      >
        <svg
          class="column-select-drag-drop__list__item__button__icon"
          viewBox="0 0 352 512"
        >
          <path
            d="M242.72 256l100.07-100.07c12.28-12.28 12.28-32.19 0-44.48l-22.24-22.24c-12.28-12.28-32.19-12.28-44.48 0L176 189.28 75.93 89.21c-12.28-12.28-32.19-12.28-44.48 0L9.21 111.45c-12.28 12.28-12.28 32.19 0 44.48L109.28 256 9.21 356.07c-12.28 12.28-12.28 32.19 0 44.48l22.24 22.24c12.28 12.28 32.2 12.28 44.48 0L176 322.72l100.07 100.07c12.28 12.28 32.2 12.28 44.48 0l22.24-22.24c12.28-12.28 12.28-32.19 0-44.48L242.72 256z"
          />
        </svg>
      </button>
    </div>
    <div
      aria-describedby="rbd-hidden-text-0-hidden-text-0"
      class="button column-select-drag-drop__list__item"
      data-rbd-drag-handle-context-id="0"
      data-rbd-drag-handle-draggable-id="gene_names"
      data-rbd-draggable-context-id="0"
      data-rbd-draggable-id="gene_names"
      draggable="false"
      role="button"
      tabindex="0"
    >
      Gene Names
      <button
        class="column-select-drag-drop__list__item__button"
        data-testid="column-select-dnd-remove-button"
        type="button"
      >
        <svg
          class="column-select-drag-drop__list__item__button__icon"
          viewBox="0 0 352 512"
        >
          <path
            d="M242.72 256l100.07-100.07c12.28-12.28 12.28-32.19 0-44.48l-22.24-22.24c-12.28-12.28-32.19-12.28-44.48 0L176 189.28 75.93 89.21c-12.28-12.28-32.19-12.28-44.48 0L9.21 111.45c-12.28 12.28-12.28 32.19 0 44.48L109.28 256 9.21 356.07c-12.28 12.28-12.28 32.19 0 44.48l22.24 22.24c12.28 12.28 32.2 12.28 44.48 0L176 322.72l100.07 100.07c12.28 12.28 32.2 12.28 44.48 0l22.24-22.24c12.28-12.28 12.28-32.19 0-44.48L242.72 256z"
          />
        </svg>
      </button>
    </div>
  </div>
</DocumentFragment>
`;
