// Jest Snapshot v1, https://goo.gl/fbAQLP

exports[`DownloadView component should render 1`] = `
<DocumentFragment>
  <form
    class="download"
    data-testid="download-form"
  >
    <h3>
      Download
    </h3>
    <label
      for="data-selection-false"
    >
      <input
        id="data-selection-false"
        name="data-selection"
        type="radio"
        value="false"
      />
      Download selected (5)
    </label>
    <label
      for="data-selection-true"
    >
      <input
        checked=""
        id="data-selection-true"
        name="data-selection"
        type="radio"
        value="true"
      />
      Download all (100)
    </label>
    <fieldset>
      <legend>
        Format
      </legend>
      <select
        data-testid="file-format-select"
        id="file-format-select"
      >
        <option
          value="FASTA (canonical)"
        >
          FASTA (canonical)
        </option>
        <option
          value="FASTA (canonical & isoform)"
        >
          FASTA (canonical & isoform)
        </option>
        <option
          value="TSV"
        >
          TSV
        </option>
        <option
          value="Excel"
        >
          Excel
        </option>
        <option
          value="XML"
        >
          XML
        </option>
        <option
          value="RDF/XML"
        >
          RDF/XML
        </option>
        <option
          value="Text"
        >
          Text
        </option>
        <option
          value="GFF"
        >
          GFF
        </option>
        <option
          value="List"
        >
          List
        </option>
        <option
          value="JSON"
        >
          JSON
        </option>
      </select>
    </fieldset>
    <fieldset>
      <legend>
        Compressed
      </legend>
      <label
        for="compressed-true"
      >
        <input
          checked=""
          id="compressed-true"
          name="compressed"
          type="radio"
          value="true"
        />
        Yes
      </label>
      <label
        for="compressed-false"
      >
        <input
          id="compressed-false"
          name="compressed"
          type="radio"
          value="false"
        />
        No
      </label>
    </fieldset>
    <fieldset>
      <legend>
        Customize data
      </legend>
      <div
        class="loader-container"
      >
        <svg
          class="loader"
          height="100"
          viewBox="0 0 100 100"
          width="100"
        >
          <g
            fill="none"
            fill-rule="evenodd"
          >
            <path
              d="M9 50c6.833-10.667 13.667-16 20.5-16S43.167 39.333 50 50s13.667 16 20.5 16S84.167 60.667 91 50"
              stroke="#3ca3ca"
              stroke-linecap="square"
              stroke-width="2"
            />
            <circle
              cx="9"
              cy="50"
              fill="#3ca3ca"
              r="6"
            />
            <circle
              cx="30"
              cy="34"
              fill="#3ca3ca"
              r="6"
            />
            <circle
              cx="50"
              cy="50"
              fill="#3ca3ca"
              r="6"
            />
            <circle
              cx="70"
              cy="66"
              fill="#3ca3ca"
              r="6"
            />
            <circle
              cx="91"
              cy="50"
              fill="#3ca3ca"
              r="6"
            />
          </g>
        </svg>
      </div>
    </fieldset>
    <div
      class="button-group customise-table--cancel-submit-buttons"
    >
      <button
        class="button secondary"
        type="button"
      >
        Cancel
      </button>
      <button
        class="button secondary"
        type="button"
      >
        Preview 10
      </button>
      <button
        class="button"
        type="submit"
      >
        Download
      </button>
    </div>
  </form>
</DocumentFragment>
`;
