// Jest Snapshot v1, https://goo.gl/fbAQLP

exports[`NoResultsPage component should render 1`] = `
<DocumentFragment>
  <div
    class="error-page-container"
    data-testid="no-results-page"
  >
    <test-file-stub
      classname="error-page-container__art-work"
    />
    <div
      class="message message--info"
      role="status"
    >
      <div
        class="message__side-border"
      />
      <svg
        fill="currentColor"
        height="1.125em"
        viewBox="0 0 18 18"
        width="1.125em"
      >
        <path
          clip-rule="evenodd"
          d="M18 9A9 9 0 110 9a9 9 0 0118 0zM8 4a1 1 0 112 0v6a1 1 0 11-2 0V4zm1 9a1 1 0 100 2 1 1 0 000-2z"
          fill-rule="evenodd"
        />
      </svg>
      <section
        class="message__content"
      >
        <small>
          <h4>
            Sorry, no results were found!
          </h4>
          <span>
            Please try a different criteria
          </span>
        </small>
      </section>
    </div>
  </div>
</DocumentFragment>
`;
