// Jest Snapshot v1, https://goo.gl/fbAQLP

exports[`ServiceUnavailablePage component should render 1`] = `
<DocumentFragment>
  <div
    class="error-page-container"
    data-testid=""
  >
    <test-file-stub
      classname="error-page-container__art-work"
    />
    <div
      class="message message--failure"
      role="status"
    >
      <div
        class="message__side-border"
      />
      <svg
        fill="currentColor"
        height="1.125em"
        stroke="currentColor"
        viewBox="0 0 19 18"
        width="1.125em"
      >
        <path
          d="M14.93 11.14h0L12.8 9l2.13-2.14a1.9 1.9 0 000-2.67h0l-.63-.64a1.9 1.9 0 00-2.68 0h0L9.5 5.7 7.35 3.55a1.9 1.9 0 00-2.68 0h0l-.63.64a1.9 1.9 0 000 2.67h0L6.18 9l-2.14 2.14a1.9 1.9 0 000 2.67h0l.63.64a1.9 1.9 0 002.68 0L9.5 12.3l2.13 2.14a1.9 1.9 0 002.68 0l.63-.64a1.9 1.9 0 000-2.67zM17.5 9a8 8 0 11-16 0 8 8 0 0116 0z"
          stroke-width="2"
        />
      </svg>
      <section
        class="message__content"
      >
        <small>
          <h4>
            This service is currently unavailable!
          </h4>
          <span>
            Please try again later
          </span>
        </small>
      </section>
    </div>
  </div>
</DocumentFragment>
`;
