// Jest Snapshot v1, https://goo.gl/fbAQLP

exports[`DiseaseInvolvement should render DiseaseInvolvement 1`] = `
<DocumentFragment>
  <h3>
    Involvement in disease
  </h3>
  <h3>
    Alzheimers (AD)
  </h3>
  <span
    class="text-block"
  />
  <div
    class="info-list "
  >
    <div
      class="info-list__item"
    >
      <div
        class="info-list__item__title"
      >
        <h5
          class="bold"
        >
          Note
        </h5>
      </div>
      <div
        class="info-list__item__content"
      >
        <ul
          class="expandable-list no-bullet"
        >
          <li>
            Some disease note
          </li>
        </ul>
      </div>
    </div>
    <div
      class="info-list__item"
    >
      <div
        class="info-list__item__title"
      >
        <h5
          class="bold"
        >
          Description
        </h5>
      </div>
      <div
        class="info-list__item__content"
      >
        Some description
      </div>
    </div>
    <div
      class="info-list__item"
    >
      <div
        class="info-list__item__title"
      >
        <h5
          class="bold"
        >
          See also
        </h5>
      </div>
      <div
        class="info-list__item__content"
      >
        (
        <a
          class="external-link"
          href="https://www.ebi.ac.uk/ena/data/view/some ref id"
          target="_blank"
        >
          EMBL
          <svg
            viewBox="0 0 576 512"
            width="12.5"
          >
            <path
              d="M576 24v127.984c0 21.461-25.96 31.98-40.971 16.971l-35.707-35.709-243.523 243.523c-9.373 9.373-24.568 9.373-33.941 0l-22.627-22.627c-9.373-9.373-9.373-24.569 0-33.941L442.756 76.676l-35.703-35.705C391.982 25.9 402.656 0 424.024 0H552c13.255 0 24 10.745 24 24zM407.029 270.794l-16 16A23.999 23.999 0 00384 303.765V448H64V128h264a24.003 24.003 0 0016.97-7.029l16-16C376.089 89.851 365.381 64 344 64H48C21.49 64 0 85.49 0 112v352c0 26.51 21.49 48 48 48h352c26.51 0 48-21.49 48-48V287.764c0-21.382-25.852-32.09-40.971-16.97z"
            />
          </svg>
        </a>
         | 
        <a
          class="external-link"
          href="https://www.ncbi.nlm.nih.gov/protein/some ref id"
          target="_blank"
        >
          GenBank
          <svg
            viewBox="0 0 576 512"
            width="12.5"
          >
            <path
              d="M576 24v127.984c0 21.461-25.96 31.98-40.971 16.971l-35.707-35.709-243.523 243.523c-9.373 9.373-24.568 9.373-33.941 0l-22.627-22.627c-9.373-9.373-9.373-24.569 0-33.941L442.756 76.676l-35.703-35.705C391.982 25.9 402.656 0 424.024 0H552c13.255 0 24 10.745 24 24zM407.029 270.794l-16 16A23.999 23.999 0 00384 303.765V448H64V128h264a24.003 24.003 0 0016.97-7.029l16-16C376.089 89.851 365.381 64 344 64H48C21.49 64 0 85.49 0 112v352c0 26.51 21.49 48 48 48h352c26.51 0 48-21.49 48-48V287.764c0-21.382-25.852-32.09-40.971-16.97z"
            />
          </svg>
        </a>
         | 
        <a
          class="external-link"
          href="http://getentry.ddbj.nig.ac.jp/getentry/dad/some ref id"
          target="_blank"
        >
          DDBJ
          <svg
            viewBox="0 0 576 512"
            width="12.5"
          >
            <path
              d="M576 24v127.984c0 21.461-25.96 31.98-40.971 16.971l-35.707-35.709-243.523 243.523c-9.373 9.373-24.568 9.373-33.941 0l-22.627-22.627c-9.373-9.373-9.373-24.569 0-33.941L442.756 76.676l-35.703-35.705C391.982 25.9 402.656 0 424.024 0H552c13.255 0 24 10.745 24 24zM407.029 270.794l-16 16A23.999 23.999 0 00384 303.765V448H64V128h264a24.003 24.003 0 0016.97-7.029l16-16C376.089 89.851 365.381 64 344 64H48C21.49 64 0 85.49 0 112v352c0 26.51 21.49 48 48 48h352c26.51 0 48-21.49 48-48V287.764c0-21.382-25.852-32.09-40.971-16.97z"
            />
          </svg>
        </a>
        ) 
        <a
          class="external-link"
          href="//www.ebi.ac.uk/ena/data/view/some ref id"
          target="_blank"
        >
          some ref id
          <svg
            viewBox="0 0 576 512"
            width="12.5"
          >
            <path
              d="M576 24v127.984c0 21.461-25.96 31.98-40.971 16.971l-35.707-35.709-243.523 243.523c-9.373 9.373-24.568 9.373-33.941 0l-22.627-22.627c-9.373-9.373-9.373-24.569 0-33.941L442.756 76.676l-35.703-35.705C391.982 25.9 402.656 0 424.024 0H552c13.255 0 24 10.745 24 24zM407.029 270.794l-16 16A23.999 23.999 0 00384 303.765V448H64V128h264a24.003 24.003 0 0016.97-7.029l16-16C376.089 89.851 365.381 64 344 64H48C21.49 64 0 85.49 0 112v352c0 26.51 21.49 48 48 48h352c26.51 0 48-21.49 48-48V287.764c0-21.382-25.852-32.09-40.971-16.97z"
            />
          </svg>
        </a>
        [
        <a
          href="#some isoform"
        >
          some isoform
        </a>
        ]
      </div>
    </div>
  </div>
</DocumentFragment>
`;
