// Jest Snapshot v1, https://goo.gl/fbAQLP

exports[`Keyword should render Keywords for section 1`] = `
<DocumentFragment>
  <h3>
    Keywords
  </h3>
  <div
    class="info-list"
  >
    <div
      class="info-list__item"
    >
      <div
        class="info-list__item__title"
      >
        <h5
          class="bold"
        >
          Cellular component
        </h5>
      </div>
      <div
        class="info-list__item__content"
      />
    </div>
  </div>
</DocumentFragment>
`;
