// Jest Snapshot v1, https://goo.gl/fbAQLP

exports[`Organism should render organism 1`] = `
<DocumentFragment>
  <a
    href="https://www.uniprot.org/taxonomy/12344"
  >
    Cheeky monkey (Really cheeky little monkey)  (Monkey 1,Monkey 2)
  </a>
</DocumentFragment>
`;
