// Jest Snapshot v1, https://goo.gl/fbAQLP

exports[`Autocomplete Wrapper should render 1`] = `
<DocumentFragment>
  <label
    for="0"
  >
    Taxonomy [OC]
    <div
      class="autocomplete-container"
    >
      <span
        class="search-input"
      >
        <input
          data-testid="search-input"
          placeholder=""
          type="text"
          value="Homo sapiens (Human) [9606]"
        />
        <span
          class="search-input__suffix"
          data-testid="search-input-suffix"
          role="presentation"
        >
          <svg
            fill="currentColor"
            height="14"
            viewBox="0 0 512 512"
            width="14"
          >
            <path
              d="M505 443L405 343c-4-4-10-7-17-7h-16a208 208 0 10-36 36v16c0 7 3 13 7 17l100 100c9 9 24 9 34 0l28-28c9-10 9-25 0-34zM208 336a128 128 0 110-256 128 128 0 010 256z"
            />
          </svg>
        </span>
      </span>
      <div
        class="autocomplete-menu"
      >
        <div
          class="dropdown-menu__panel"
        />
      </div>
    </div>
  </label>
</DocumentFragment>
`;
