// Jest Snapshot v1, https://goo.gl/fbAQLP

exports[`ClauseList component should render 1`] = `
<DocumentFragment>
  <div
    class="advanced-search__clause"
  >
    <select
      class="advanced-search__logic"
      data-testid="advanced-search-logic-select"
    >
      <option
        value="AND"
      >
        AND
      </option>
      <option
        value="OR"
      >
        OR
      </option>
      <option
        value="NOT"
      >
        NOT
      </option>
    </select>
    <div
      class="dropdown-container"
    >
      <button
        class="button dropdown "
        type="button"
      >
        All
      </button>
      <div
        class="dropdown-menu"
      >
        <div
          class="autocomplete-container"
        >
          <span
            class="search-input"
          >
            <input
              data-testid="search-input"
              placeholder="Search for field"
              type="text"
              value=""
            />
            <span
              class="search-input__suffix"
              data-testid="search-input-suffix"
              role="presentation"
            >
              <svg
                fill="currentColor"
                height="14"
                viewBox="0 0 512 512"
                width="14"
              >
                <path
                  d="M505 443L405 343c-4-4-10-7-17-7h-16a208 208 0 10-36 36v16c0 7 3 13 7 17l100 100c9 9 24 9 34 0l28-28c9-10 9-25 0-34zM208 336a128 128 0 110-256 128 128 0 010 256z"
                />
              </svg>
            </span>
          </span>
          <div
            class="autocomplete-menu"
          >
            <div
              class="dropdown-menu__panel"
            />
          </div>
        </div>
        <div
          class="dropdown-menu__panel"
        >
          <ul
            class=""
          />
        </div>
      </div>
    </div>
    <div
      class="advanced-search__inputs"
    >
      <div
        class="advanced-search__inputs"
      >
        <label
          for="input_All"
        >
          All
          <input
            id="input_All"
            placeholder="a4_human, P05067, cdc7 human"
            type="text"
            value=""
          />
        </label>
      </div>
    </div>
    <button
      class="button tertiary button-remove"
      data-testid="clause-list-button-remove"
      type="button"
    >
      Remove
    </button>
  </div>
</DocumentFragment>
`;
