// Jest Snapshot v1, https://goo.gl/fbAQLP

exports[`Enum field should render an enum field 1`] = `
<DocumentFragment>
  <label
    for="select_existence"
  >
    Protein Existence [PE]
    <select
      data-testid="enum-field-select"
      id="select_existence"
    >
      <option
        value="1"
      >
        Evidence at protein level
      </option>
      <option
        value="2"
      >
        Evidence at transcript level
      </option>
    </select>
  </label>
</DocumentFragment>
`;
