// Jest Snapshot v1, https://goo.gl/fbAQLP

exports[`AnnotationScoreDoughnutChart component should render 1`] = `
<DocumentFragment>
  <span
    title="Annotation Score"
  >
    <span
      class="doughnut-chart--medium colour-platinum"
    >
      <span
        class="doughnut-chart--medium__left-wrap"
      >
        <span
          class="doughnut-chart--medium__left-wrap__loader colour-sea-blue"
          style="transform: rotate(36deg);"
        />
      </span>
      <span
        class="doughnut-chart--medium__right-wrap"
      >
        <span
          class="doughnut-chart--medium__right-wrap__loader colour-sea-blue"
          style="transform: rotate(180deg);"
        />
      </span>
      <span
        class="doughnut-chart--medium__inner-circle"
      >
        3/5
      </span>
    </span>
  </span>
</DocumentFragment>
`;
