// Jest Snapshot v1, https://goo.gl/fbAQLP

exports[`FeaturesView component it renders without crashing 1`] = `
<DocumentFragment>
  <h3>
    Features
  </h3>
  <protvista-manager
    attributes="highlight displaystart displayend"
  >
    <protvista-navigation
      length="21"
    />
    <protvista-track
      layout="non-overlapping"
      length="21"
    />
    <protvista-sequence
      height="20"
      length="21"
      sequence="ASDASDASASDASDASDSASD"
    />
    <protvista-datatable />
    <div
      class="evidence-tag-content false"
    />
  </protvista-manager>
</DocumentFragment>
`;
