// Jest Snapshot v1, https://goo.gl/fbAQLP

exports[`Organism should render organism 1`] = `
<DocumentFragment>
  <a
    class="external-link"
    href="https://www.ncbi.nlm.nih.gov/Taxonomy/Browser/wwwtax.cgi?lvl=0&id=12344"
    rel="noopener"
    target="_blank"
  >
    Cheeky monkey (Really cheeky little monkey)  (Monkey 1,Monkey 2)
    <svg
      fill="currentColor"
      viewBox="0 0 576 512"
      width="12.5"
    >
      <path
        d="M576 24v128c0 21-26 32-41 17l-36-36-243 244c-10 9-25 9-34 0l-23-23c-9-9-9-24 0-34L443 77l-36-36c-15-15-4-41 17-41h128c13 0 24 11 24 24zM407 271l-16 16a24 24 0 00-7 17v144H64V128h264a24 24 0 0017-7l16-16c15-15 4-41-17-41H48C21 64 0 85 0 112v352c0 27 21 48 48 48h352c27 0 48-21 48-48V288c0-22-26-32-41-17z"
      />
    </svg>
  </a>
</DocumentFragment>
`;
