// Jest Snapshot v1, https://goo.gl/fbAQLP

exports[`ProteomesEntryView component should render 1`] = `
<DocumentFragment>
  <div
    class="info-list"
  >
    <div
      class="info-list__item"
    >
      <div
        class="info-list__title"
      >
        <h5
          class="bold"
        >
          Identifier
        </h5>
      </div>
      <div
        class="info-list__content"
      >
        UP000005640
      </div>
    </div>
    <div
      class="info-list__item"
    >
      <div
        class="info-list__title"
      >
        <h5
          class="bold"
        >
          Component
        </h5>
      </div>
      <div
        class="info-list__content"
      >
        Chromosome 21
      </div>
    </div>
  </div>
</DocumentFragment>
`;
