// Jest Snapshot v1, https://goo.gl/fbAQLP

exports[`ProteinNames should render protein_name 1`] = `<DocumentFragment />`;
