// Jest Snapshot v1, https://goo.gl/fbAQLP

exports[`getJobMessage should create a success message object 1`] = `
<DocumentFragment>
  blast job 
  <a
    href="/blast/ncbiblast-R20200522-953245-6299-98843150-p1m/overview"
  >
    "my job title"
  </a>
   finished, found 100 hits
</DocumentFragment>
`;
