// Jest Snapshot v1, https://goo.gl/fbAQLP

exports[`HomePage component (non-critical part) should render 1`] = `
<DocumentFragment>
  <div
    class="block block--4-col"
  >
    <div
      class="tile"
    >
      <h3
        class="tile__header"
      >
        UniProtKB
      </h3>
      <p
        class="tile__content"
      >
        This is a short description of what the resource is/provides.
      </p>
    </div>
    <div
      class="tile tile--proteomes"
    >
      <h3
        class="tile__header"
      >
        Proteomes
      </h3>
      <p
        class="tile__content"
      >
        Sets of proteins for reference and other species of interest.
      </p>
    </div>
    <div
      class="tile tile--uniref"
    >
      <h3
        class="tile__header"
      >
        UniRef
      </h3>
      <p
        class="tile__content"
      >
        Clusters of protein sequences at 100%, 90% & 50% similarity
      </p>
    </div>
    <div
      class="tile tile--uniparc"
    >
      <h3
        class="tile__header"
      >
        UniParc
      </h3>
      <p
        class="tile__content"
      >
        Non-redundant archive of protein sequences publicly available (UniProt, RefSeq, Ensembl,...)
      </p>
    </div>
  </div>
  <div
    class="block block--4-col"
  >
    <div
      class="tile tile--small"
    >
      <h3
        class="tile__header"
      >
        Literature Citations
      </h3>
    </div>
    <div
      class="tile tile--small"
    >
      <h3
        class="tile__header"
      >
        Taxonomy
      </h3>
    </div>
    <div
      class="tile tile--small"
    >
      <h3
        class="tile__header"
      >
        Subcellular locations
      </h3>
    </div>
    <div
      class="tile tile--small"
    >
      <h3
        class="tile__header"
      >
        Cross-ref databases
      </h3>
    </div>
  </div>
  <div
    class="block block--4-col"
  >
    <div
      class="tile tile--small"
    >
      <h3
        class="tile__header"
      >
        Diseases
      </h3>
    </div>
    <div
      class="tile tile--small"
    >
      <h3
        class="tile__header"
      >
        Keywords
      </h3>
    </div>
    <div
      class="tile tile--small"
    >
      <h3
        class="tile__header"
      >
        UniRule
      </h3>
    </div>
    <div
      class="tile tile--small"
    >
      <h3
        class="tile__header"
      >
        SAAS
      </h3>
    </div>
  </div>
  <div
    class="hero-container"
  >
    <section>
      <h4>
        News
      </h4>
      <div
        class="placeholder"
      >
        <test-file-stub />
      </div>
    </section>
  </div>
  <div
    class="block block--4-col"
  >
    <div
      class="tile"
    >
      <h3
        class="tile__header"
      >
        BLAST
      </h3>
      <p
        class="tile__content"
      >
        The Basic Local Alignment Search Tool finds regions of local similarity between sequences.
      </p>
    </div>
    <div
      class="tile"
    >
      <h3
        class="tile__header"
      >
        ALIGN
      </h3>
      <p
        class="tile__content"
      >
        Align two or more protein sequences with the Clust Omega program.
      </p>
    </div>
    <div
      class="tile"
    >
      <h3
        class="tile__header"
      >
        Retrieve/ID Mapping
      </h3>
      <p
        class="tile__content"
      >
        Retrieve and/or convert non UniProt identifiers to download lists for use on this website.
      </p>
    </div>
    <div
      class="tile"
    >
      <h3
        class="tile__header"
      >
        Peptide Search
      </h3>
      <p
        class="tile__content"
      >
        Find all UniProtKB sequences that exactly match a query peptide sequence.
      </p>
    </div>
  </div>
  <div
    class="hero-container"
  >
    <section>
      <h4>
        Need Help?
      </h4>
      <div
        class="placeholder"
      >
        <test-file-stub />
      </div>
    </section>
  </div>
  <div
    class="block block--3-col"
  >
    <div
      class="tile"
    >
      <h3
        class="tile__header"
      >
        Programmatic access
      </h3>
      <p
        class="tile__content"
      >
        Query UniProt data using APIs providing REST, SPARQL and Java services.
      </p>
    </div>
    <div
      class="tile"
    >
      <h3
        class="tile__header"
      >
        FTP Download
      </h3>
      <p
        class="tile__content"
      >
        Get the UniProt data directly.
      </p>
    </div>
    <div
      class="tile"
    >
      <h3
        class="tile__header"
      >
        Technical Documentation
      </h3>
      <p
        class="tile__content"
      >
        Access extensive technical documents to help you use UniProt to its full potential.
      </p>
    </div>
  </div>
</DocumentFragment>
`;
