// Jest Snapshot v1, https://goo.gl/fbAQLP

exports[`entryToFASTAWithHeaders should output a FASTA string with UniProt-style headers 1`] = `
">sp|P21802|uniprot_id rec full Name OS=scientific name OX=9606 GN=some Gene PE=1 SV=5
SAPSQDFMRF"
`;

exports[`entryToFASTAWithHeaders should output a FASTA with subset 1`] = `
">sp|P21802|uniprot_id|1-1,3-5 rec full Name OS=scientific name OX=9606 GN=some Gene PE=1 SV=5
SPSQ"
`;
