// Jest Snapshot v1, https://goo.gl/fbAQLP

exports[`inputParamsXMLToObject tests should transform an XML string of input params to an object 1`] = `
Object {
  "hmmiterations": "5",
  "outfmt": "clustal_num",
  "program": "clustalo",
  "sequence": ">sp|P86979|ALDOA_THUAL Fructose-bisphosphate aldolase A OS=Thunnus albacares OX=8236 GN=ALDOA PE=1 SV=1
PHAFPFLTPEQKKELSDIAHKIVAPGKGILAADESTG
>unknown
PHAYPFLSPEQKKEL
>sp|invalid|id
MAITIVSVRARQIFDSRGNPTVEADVKLSDGYLARAAVPSGASTGIYEALELRDGGSDYL
GKGVSKAVENVNIIIGPALVGKDPTDQVGIDNFMVQQLDGTVNEWGWCKQKLGANAILAV
SLAVCKAGAHVKGIPLYEHIANLAGNKNLVLPVPAFNVINGGSHAGNKLAMQEFMILPVG
ASSFKEAMKMGAEVYHHLKSVIKKKYGQDATNVGDEGGFAPNIQENKEGLELLKTAIAKA
GYTGKVVIGMDVAASEFYGSDQTYDLNFKEENNNGSQKISGEALKDLYKSFVAEYPIVSI
EDPFDQDDWAHYAKLTSEIGEKVQIVGDDLLVTNPKRVEKAIKEKACNALLLKVNQIGSV
TESIEAVKMSKRAGWGVMASHRSGETEDTFIADLSVGLATGQIKTGAPCRSERLAKYNQL
LRIEEELGSEAVYAGANFRKPVEPY
>tr|A0A673LUB5|ENO2_HEVBR Enolase 2 OS=Hevea brasiliensis OX=3981 GN=ENO2 PE=1 SV=1
MAITIVSVRARQIFDSRGNPTVEADVKLSDGYLARAAVPRGASTGIYEALELRDGGSDYL
GKGVSKAVENVNIIIGPALVGKDPTDQVGIDNFMVQQLDGTVNEWGWCKQKLGANAILAV
SLAVCKAGAHVKGIPLYKHVANLAGNKNLVLPVPAFNVINGGSHAGNKLAMQEFMILPVG
ASSFKEAMKMGAEVYHHLKSVIKKKYGQDATNVGDEGGFAPNIQENKEGLELLKTAIAKA
GYTGKVVIGMDVAASEFYGSDKTYDLNFKEENNNGSQKISGDVLKDLYKSFVTEYPIVSI
EDPFDQDDWEHYAKLTSEIGVKVQIVGDDLLVTNPKRVEKAIKEKACNALLLKVNQIGSV
TESIEAVKMSKRAGWGVMASHRSGETEDTFIADLSVGLATGQIKTGAPCRSERLAKYNQL
LRIEEELGAEAVYAGANFRTPVEPY
>tr|Q9D1F9|Q9D1F9_MOUSE Solute carrier family 37 (Glucose-6-phosphate transporter), member 4 OS=Mus musculus OX=10090 GN=Slc37a4 PE=1 SV=1
MAAQGYGYYRTVIFAAMFGGYSLYYFNRKTFSFVMPSLVDEIALDKDDLGLITSSQSAAY
AISKFVSGVLSDQMSARWLFSSGLLLVGLVNVVFSWSSTVSAFAALWFLNGLAQGLGWPP
CGKILRKWFEPSQFGTWWAVLSTSMNLAGSLGPILATILAQSYSWRSTLALSGALCVVVS
FFCLLLIHNEPADVGLRNLDPAPSKGKKGSSKEESTLQDLLLSPYLWVLSTGYLVVFGVK
TCCTDWGQFFLIQERGQSALVGSSYISALEVGGLVGSIAAGYLSDRAMAKAGLSLYGNPR
HGLLLLMMAGMAASMFLFRVTVTSDSPKIWILVLGAVFGFSSYGPIALFGVIANESAPPN
LCGTSHAIVGLMANVGGFLAGLPFSTIAKHYSWSTAFWVAEVVCGASTVVFFLLRNIRTK
MGRVSKKGE",
  "version": "1.2.4",
}
`;
