// Jest Snapshot v1, https://goo.gl/fbAQLP

exports[`GDPR should render 1`] = `
<DocumentFragment>
  <div
    class="gdpr-section"
  >
    We'd like to inform you that we have updated our 
    <a
      href="https://www.uniprot.org/help/privacy"
    >
      Privacy Notice
    </a>
     to
      comply with Europeâ€™s new General Data Protection Regulation (GDPR) that
      applies since 25 May 2018.
    <button
      class="button secondary"
      type="button"
    >
      Accept
    </button>
  </div>
</DocumentFragment>
`;
